// Jest Snapshot v1, https://goo.gl/fbAQLP

exports[`Container matches snapshot 1`] = `
<DocumentFragment>
  <div>
    <p
      class="text sm primary"
    >
      This text is in a container.
    </p>
  </div>
</DocumentFragment>
`;
