// Jest Snapshot v1, https://goo.gl/fbAQLP

exports[`Text matches snapshot 1`] = `
<DocumentFragment>
  <p
    class="text md primary"
  >
    This is default text (medium).
  </p>
</DocumentFragment>
`;
